// Jest Snapshot v1, https://goo.gl/fbAQLP

exports[`SVG renderer should ignore minimal background width when it's own boundaries are above that 1`] = `
"<svg viewBox=\\"0 0 156.4921875 101.28124999999999\\" width=\\"156.4921875\\" height=\\"101.28124999999999\\" xmlns=\\"http://www.w3.org/2000/svg\\">
<rect id=\\"bg\\" fill=\\"#fff\\" width=\\"156.4921875\\" height=\\"101.28124999999999\\" rx=\\"4\\"></rect><g id=\\"tokens\\" transform=\\"translate(56.90625, 40.512499999999996)\\"><text font-family=\\"IBM Plex Mono\\" font-size=\\"16\\" y=\\"20.256249999999998\\">
<tspan x=\\"0\\" fill=\\"#aabbcc\\" opacity=\\"1\\">foo</tspan>
</text></g>
</svg>
"
`;
